 
****************************************
Report : timing
        -path full
        -delay max
        -nets
        -max_paths 1
        -transition_time
Design : mipsCore
Version: K-2015.06-SP1
Date   : Sat Dec 10 15:05:43 2016
****************************************

Operating Conditions: tt0p85v25c   Library: saed32hvt_tt0p85v25c
Wire Load Model Mode: enclosed

  Startpoint: dCacheReadData[5]
              (input port clocked by clk)
  Endpoint: hi_fl/q_val_reg[3]
            (rising edge-triggered flip-flop clocked by clk)
  Path Group: clk
  Path Type: max

  Des/Clust/Port     Wire Load Model       Library
  ------------------------------------------------
  mipsCore           140000                saed32hvt_tt0p85v25c

Attributes:
    d - dont_touch
    u - dont_use
   mo - map_only
   so - size_only
    i - ideal_net or ideal_network
  inf - infeasible path

  Point                        Fanout     Trans      Incr       Path      Attributes
  ------------------------------------------------------------------------------------------
  clock clk (rise edge)                            0.0000     0.0000
  clock network delay (ideal)                      0.0000     0.0000
  input external delay                             3.6000     3.6000 f
  dCacheReadData[5] (in)                 0.0000    0.0000     3.6000 f
  dCacheReadData[5] (net)        2                 0.0000     3.6000 f
  U17653/Y (NAND2X0_HVT)                 0.0769    0.1762     3.7762 r
  n7990 (net)                    3                 0.0000     3.7762 r
  U8680/Y (AND2X1_HVT)                   0.0484    0.2890     4.0652 r
  n3135 (net)                    1                 0.0000     4.0652 r
  U1772/Y (NAND2X2_HVT)                  0.0479    0.3036     4.3688 f
  n8336 (net)                    3                 0.0000     4.3688 f
  U2644/Y (OR2X1_HVT)                    0.0746    0.2704     4.6392 f
  n1533 (net)                    1                 0.0000     4.6392 f
  U2643/Y (OR3X1_HVT)                    0.0520    0.2644     4.9036 f
  n5334 (net)                    1                 0.0000     4.9036 f
  U15129/Y (OR3X1_HVT)                   0.0511    0.2552     5.1589 f
  n4556 (net)                    1                 0.0000     5.1589 f
  U7197/Y (NOR4X0_HVT)                   0.0492    0.3287     5.4876 r
  n20240 (net)                   3                 0.0000     5.4876 r
  U1886/Y (NAND2X0_HVT)                  0.1442    0.2543     5.7419 f
  n4412 (net)                    3                 0.0000     5.7419 f
  U14163/Y (AND2X1_HVT)                  0.1013    0.3328     6.0747 f
  n8053 (net)                    7                 0.0000     6.0747 f
  U13593/Y (NAND2X0_HVT)                 0.0873    0.2820     6.3567 r
  n3517 (net)                    3                 0.0000     6.3567 r
  U7195/Y (AND2X1_HVT)                   0.0490    0.2952     6.6519 r
  n2173 (net)                    1                 0.0000     6.6519 r
  U7194/Y (AO22X1_HVT)                   0.0714    0.2597     6.9116 r
  n3122 (net)                    1                 0.0000     6.9116 r
  U1814/Y (AO21X1_HVT)                   0.0767    0.3041     7.2157 r
  n5078 (net)                    2                 0.0000     7.2157 r
  U1776/Y (OR2X1_HVT)                    0.0447    0.2779     7.4936 r
  n1197 (net)                    1                 0.0000     7.4936 r
  U1771/Y (OR3X1_HVT)                    0.0644    0.2514     7.7450 r
  n4751 (net)                    2                 0.0000     7.7450 r
  U2012/Y (OR2X2_HVT)                    0.0659    0.2850     8.0301 r
  n8203 (net)                    6                 0.0000     8.0301 r
  U1970/Y (OA22X1_HVT)                   0.0688    0.3506     8.3806 r
  n2726 (net)                    1                 0.0000     8.3806 r
  U8094/Y (NAND2X0_HVT)                  0.0891    0.2045     8.5852 f
  n8202 (net)                    1                 0.0000     8.5852 f
  U1838/Y (OR2X2_HVT)                    0.0530    0.2775     8.8627 f
  n8365 (net)                    4                 0.0000     8.8627 f
  U1837/Y (NAND2X0_HVT)                  0.1112    0.2112     9.0739 r
  n8289 (net)                    3                 0.0000     9.0739 r
  U19520/Y (NBUFFX2_HVT)                 0.0543    0.2894     9.3633 r
  n8579 (net)                    5                 0.0000     9.3633 r
  U7957/Y (NAND2X0_HVT)                  0.1795    0.3021     9.6654 f
  n2654 (net)                    4                 0.0000     9.6654 f
  U6897/Y (AND2X1_HVT)                   0.0516    0.3281     9.9935 f
  n8278 (net)                    1                 0.0000     9.9935 f
  U6207/Y (OR3X1_HVT)                    0.0667    0.2690    10.2625 f
  n3943 (net)                    3                 0.0000    10.2625 f
  U2974/Y (NAND2X2_HVT)                  0.0619    0.3177    10.5801 r
  n2655 (net)                    6                 0.0000    10.5801 r
  U7960/Y (MUX21X1_HVT)                  0.0813    0.5762    11.1564 r
  n8401 (net)                    1                 0.0000    11.1564 r
  U19647/Y (NAND2X0_HVT)                 0.0892    0.2128    11.3691 f
  n8403 (net)                    1                 0.0000    11.3691 f
  U2649/Y (OR2X2_HVT)                    0.0467    0.2734    11.6425 f
  n8441 (net)                    3                 0.0000    11.6425 f
  U19648/Y (INVX0_HVT)                   0.0448    0.2075    11.8500 r
  n8410 (net)                    3                 0.0000    11.8500 r
  U2975/Y (OR2X2_HVT)                    0.0754    0.2971    12.1472 r
  n8729 (net)                   10                 0.0000    12.1472 r
  U8286/Y (NAND2X0_HVT)                  0.1483    0.3681    12.5152 f
  n2846 (net)                    3                 0.0000    12.5152 f
  U8285/Y (NAND2X0_HVT)                  0.0910    0.2501    12.7653 r
  n9226 (net)                    2                 0.0000    12.7653 r
  U2884/Y (OR3X1_HVT)                    0.0624    0.3008    13.0662 r
  n4225 (net)                    2                 0.0000    13.0662 r
  U8065/Y (NAND2X0_HVT)                  0.0877    0.2157    13.2819 f
  n2712 (net)                    1                 0.0000    13.2819 f
  U3117/Y (OR2X2_HVT)                    0.0584    0.2821    13.5640 f
  n5257 (net)                    6                 0.0000    13.5640 f
  U8419/Y (AOI22X1_HVT)                  0.0470    0.3610    13.9250 r
  n9588 (net)                    3                 0.0000    13.9250 r
  U6298/Y (NAND2X0_HVT)                  0.1566    0.2576    14.1826 f
  n9345 (net)                    3                 0.0000    14.1826 f
  U6297/Y (NAND2X0_HVT)                  0.0941    0.2541    14.4367 r
  n4906 (net)                    2                 0.0000    14.4367 r
  U8804/Y (NOR2X2_HVT)                   0.0671    0.3560    14.7927 f
  n9587 (net)                    7                 0.0000    14.7927 f
  U20223/Y (IBUFFX4_HVT)                 0.0312    0.3094    15.1021 r
  n9657 (net)                    3                 0.0000    15.1021 r
  U2448/Y (NAND2X0_HVT)                  0.1469    0.2455    15.3476 f
  n4782 (net)                    3                 0.0000    15.3476 f
  U2537/Y (NAND2X0_HVT)                  0.1123    0.2568    15.6045 r
  n5154 (net)                    3                 0.0000    15.6045 r
  U16268/Y (NAND2X0_HVT)                 0.1150    0.2782    15.8826 f
  n10218 (net)                   2                 0.0000    15.8826 f
  U15743/Y (NAND2X0_HVT)                 0.0799    0.2201    16.1027 r
  n9782 (net)                    2                 0.0000    16.1027 r
  U14356/Y (AO21X1_HVT)                  0.0679    0.2393    16.3420 r
  n4138 (net)                    1                 0.0000    16.3420 r
  U14686/Y (NAND2X0_HVT)                 0.1459    0.2424    16.5844 f
  n9928 (net)                    3                 0.0000    16.5844 f
  U20441/Y (AND3X1_HVT)                  0.0794    0.3239    16.9084 f
  n9791 (net)                    4                 0.0000    16.9084 f
  U2379/Y (OR3X2_HVT)                    0.0828    0.3599    17.2682 f
  n10626 (net)                   7                 0.0000    17.2682 f
  U2153/Y (NAND2X0_HVT)                  0.0914    0.3059    17.5741 r
  n10576 (net)                   3                 0.0000    17.5741 r
  U2161/Y (OR2X2_HVT)                    0.0625    0.3128    17.8869 r
  n10255 (net)                   5                 0.0000    17.8869 r
  U6221/Y (OR2X1_HVT)                    0.0547    0.3141    18.2010 r
  n10822 (net)                   3                 0.0000    18.2010 r
  U2270/Y (AND3X1_HVT)                   0.0789    0.3222    18.5232 r
  n4816 (net)                    3                 0.0000    18.5232 r
  U2269/Y (NAND2X0_HVT)                  0.0927    0.2418    18.7650 f
  n3907 (net)                    1                 0.0000    18.7650 f
  U2637/Y (OR2X2_HVT)                    0.0754    0.2894    19.0545 f
  n3914 (net)                    9                 0.0000    19.0545 f
  U2636/Y (NAND2X0_HVT)                  0.1545    0.2880    19.3425 r
  n3160 (net)                    2                 0.0000    19.3425 r
  U8718/Y (OA21X1_HVT)                   0.0620    0.3560    19.6985 r
  n4334 (net)                    1                 0.0000    19.6985 r
  U14995/Y (OA21X1_HVT)                  0.0689    0.2457    19.9442 r
  n11071 (net)                   2                 0.0000    19.9442 r
  U2833/Y (AND2X1_HVT)                   0.0539    0.2774    20.2216 r
  n4337 (net)                    2                 0.0000    20.2216 r
  U2832/Y (AO22X1_HVT)                   0.0959    0.3083    20.5299 r
  n11774 (net)                   5                 0.0000    20.5299 r
  U21021/Y (IBUFFX4_HVT)                 0.0306    0.2863    20.8162 f
  n11213 (net)                   3                 0.0000    20.8162 f
  U7221/Y (NAND2X4_HVT)                  0.0730    0.3184    21.1345 r
  n11984 (net)                  19                 0.0000    21.1345 r
  U2781/Y (OA21X1_HVT)                   0.0670    0.6645    21.7991 r
  n3884 (net)                    2                 0.0000    21.7991 r
  U8855/Y (NAND4X1_HVT)                  0.1142    0.4762    22.2753 f
  n12121 (net)                   7                 0.0000    22.2753 f
  U21263/Y (NBUFFX2_HVT)                 0.0659    0.3541    22.6294 f
  n12186 (net)                   7                 0.0000    22.6294 f
  U21718/Y (NOR2X0_HVT)                  0.0416    0.3888    23.0182 r
  n12502 (net)                   2                 0.0000    23.0182 r
  U21720/Y (OAI21X2_HVT)                 0.0614    0.3597    23.3779 f
  n12446 (net)                   2                 0.0000    23.3779 f
  U21722/Y (AOI21X1_HVT)                 0.0442    0.3051    23.6830 r
  n12463 (net)                   2                 0.0000    23.6830 r
  U14712/Y (OAI21X2_HVT)                 0.0645    0.3650    24.0480 f
  n4153 (net)                    3                 0.0000    24.0480 f
  U7403/Y (NAND2X0_HVT)                  0.0473    0.1871    24.2351 r
  n2299 (net)                    1                 0.0000    24.2351 r
  U7402/Y (AND3X1_HVT)                   0.0752    0.2976    24.5328 r
  n12230 (net)                   2                 0.0000    24.5328 r
  U2739/Y (AND3X2_HVT)                   0.1514    0.4026    24.9353 r
  n13167 (net)                  19                 0.0000    24.9353 r
  U6872/Y (NAND2X0_HVT)                  0.0911    0.5861    25.5214 f
  n12285 (net)                   1                 0.0000    25.5214 f
  U12243/Y (AND3X1_HVT)                  0.0585    0.2553    25.7767 f
  n2487 (net)                    2                 0.0000    25.7767 f
  U7104/Y (NAND2X0_HVT)                  0.0681    0.1941    25.9708 r
  n2714 (net)                    1                 0.0000    25.9708 r
  U2722/Y (OR3X2_HVT)                    0.0874    0.3023    26.2731 r
  n13287 (net)                   6                 0.0000    26.2731 r
  U1887/Y (NOR2X2_HVT)                   0.0496    0.3978    26.6709 f
  n13792 (net)                   3                 0.0000    26.6709 f
  U1888/Y (OR2X2_HVT)                    0.0453    0.2817    26.9526 f
  n5247 (net)                    2                 0.0000    26.9526 f
  U8617/Y (INVX0_HVT)                    0.0282    0.1781    27.1307 r
  n3093 (net)                    1                 0.0000    27.1307 r
  U8616/Y (AOI21X1_HVT)                  0.0424    0.3196    27.4503 f
  n13298 (net)                   1                 0.0000    27.4503 f
  U6216/Y (OAI21X1_HVT)                  0.0541    0.2645    27.7148 r
  n13300 (net)                   1                 0.0000    27.7148 r
  U2533/Y (AO21X1_HVT)                   0.0772    0.2146    27.9293 r
  n2796 (net)                    2                 0.0000    27.9293 r
  U2134/Y (AO22X1_HVT)                   0.0860    0.3097    28.2390 r
  n3920 (net)                    3                 0.0000    28.2390 r
  U8180/Y (OR2X1_HVT)                    0.0509    0.3070    28.5460 r
  n2875 (net)                    2                 0.0000    28.5460 r
  U2911/Y (OR2X2_HVT)                    0.0623    0.2729    28.8189 r
  n14051 (net)                   5                 0.0000    28.8189 r
  U22370/Y (IBUFFX4_HVT)                 0.0483    0.2898    29.1087 f
  n14541 (net)                  19                 0.0000    29.1087 f
  U2138/Y (AO22X1_HVT)                   0.0554    0.6205    29.7292 f
  n14590 (net)                   2                 0.0000    29.7292 f
  U7699/Y (OR3X2_HVT)                    0.1158    0.3406    30.0698 f
  n2830 (net)                   14                 0.0000    30.0698 f
  U8255/Y (NOR2X0_HVT)                   0.0474    0.6358    30.7057 r
  n15247 (net)                   3                 0.0000    30.7057 r
  U2487/Y (OAI21X2_HVT)                  0.0576    0.3724    31.0781 f
  n14809 (net)                   1                 0.0000    31.0781 f
  U23028/Y (AOI21X1_HVT)                 0.0488    0.2552    31.3333 r
  n15346 (net)                   3                 0.0000    31.3333 r
  U2822/Y (OAI21X2_HVT)                  0.0614    0.3782    31.7115 f
  n14816 (net)                   2                 0.0000    31.7115 f
  U15904/Y (AOI21X1_HVT)                 0.0383    0.2652    31.9768 r
  n15751 (net)                   1                 0.0000    31.9768 r
  U14278/Y (OA21X1_HVT)                  0.0751    0.2796    32.2563 r
  n3925 (net)                    3                 0.0000    32.2563 r
  U13293/Y (AND3X2_HVT)                  0.1654    0.4288    32.6851 r
  n16192 (net)                  25                 0.0000    32.6851 r
  U7143/Y (AO22X1_HVT)                   0.0782    0.8431    33.5282 r
  n15540 (net)                   2                 0.0000    33.5282 r
  U13381/Y (OR4X2_HVT)                   0.0698    0.4320    33.9602 r
  n16379 (net)                  14                 0.0000    33.9602 r
  U2428/Y (NOR2X2_HVT)                   0.0486    0.6149    34.5750 f
  n17641 (net)                   3                 0.0000    34.5750 f
  U16437/Y (NOR2X0_HVT)                  0.0395    0.3081    34.8831 r
  n5286 (net)                    2                 0.0000    34.8831 r
  U16436/Y (NAND2X0_HVT)                 0.1525    0.2436    35.1267 f
  n16681 (net)                   3                 0.0000    35.1267 f
  U14275/Y (NOR2X0_HVT)                  0.0351    0.3690    35.4957 r
  n16208 (net)                   1                 0.0000    35.4957 r
  U8122/Y (AOI21X1_HVT)                  0.0507    0.3322    35.8279 f
  n16423 (net)                   2                 0.0000    35.8279 f
  U8121/Y (OAI21X2_HVT)                  0.0723    0.3423    36.1702 r
  n17487 (net)                   6                 0.0000    36.1702 r
  U2942/Y (OR2X2_HVT)                    0.0663    0.3512    36.5214 r
  n4310 (net)                    6                 0.0000    36.5214 r
  U6574/Y (OR2X1_HVT)                    0.0589    0.3371    36.8585 r
  n17378 (net)                   4                 0.0000    36.8585 r
  U1856/Y (OA22X1_HVT)                   0.0701    0.3064    37.1649 r
  n1221 (net)                    1                 0.0000    37.1649 r
  U1822/Y (NAND2X0_HVT)                  0.0898    0.2091    37.3740 f
  n1213 (net)                    1                 0.0000    37.3740 f
  U1754/Y (OR2X1_HVT)                    0.0487    0.2679    37.6419 f
  n3090 (net)                    2                 0.0000    37.6419 f
  U2370/Y (OR2X2_HVT)                    0.1027    0.3056    37.9475 f
  n18283 (net)                  14                 0.0000    37.9475 f
  U2772/Y (OR2X2_HVT)                    0.0458    0.5520    38.4995 f
  n19049 (net)                   2                 0.0000    38.4995 f
  U24240/Y (NAND2X0_HVT)                 0.0651    0.1768    38.6762 r
  n19444 (net)                   2                 0.0000    38.6762 r
  U7248/Y (OR2X1_HVT)                    0.0442    0.2600    38.9363 r
  n2198 (net)                    1                 0.0000    38.9363 r
  U7005/Y (OR2X1_HVT)                    0.0496    0.2338    39.1701 r
  n18071 (net)                   2                 0.0000    39.1701 r
  U2130/Y (OR2X1_HVT)                    0.0435    0.2497    39.4198 r
  n1333 (net)                    1                 0.0000    39.4198 r
  U2129/Y (AO21X1_HVT)                   0.0687    0.1996    39.6194 r
  n3053 (net)                    1                 0.0000    39.6194 r
  U8558/Y (OA21X1_HVT)                   0.0687    0.2922    39.9116 r
  n18124 (net)                   2                 0.0000    39.9116 r
  U2937/Y (OAI21X2_HVT)                  0.0692    0.3940    40.3056 f
  n2448 (net)                    4                 0.0000    40.3056 f
  U7226/Y (NOR2X0_HVT)                   0.0405    0.3381    40.6437 r
  n2184 (net)                    2                 0.0000    40.6437 r
  U7168/Y (AND2X1_HVT)                   0.0656    0.2708    40.9145 r
  n18438 (net)                   4                 0.0000    40.9145 r
  U10272/Y (NBUFFX2_HVT)                 0.0604    0.2804    41.1948 r
  n31953 (net)                   8                 0.0000    41.1948 r
  U24807/Y (AO21X1_HVT)                  0.0689    0.3895    41.5843 r
  n18867 (net)                   1                 0.0000    41.5843 r
  U8847/Y (NOR3X0_HVT)                   0.0427    0.3085    41.8928 f
  n3288 (net)                    1                 0.0000    41.8928 f
  U8845/Y (AOI22X1_HVT)                  0.0408    0.2475    42.1403 r
  n1092 (net)                    1                 0.0000    42.1403 r
  hi_fl/q_val_reg[3]/D (DFFARX1_HVT)     0.0408    0.1091    42.2494 r
  data arrival time                                          42.2494

  clock clk (rise edge)                            4.0000     4.0000
  clock network delay (ideal)                      0.0000     4.0000
  hi_fl/q_val_reg[3]/CLK (DFFARX1_HVT)             0.0000     4.0000 r
  library setup time                              -0.1906     3.8094
  data required time                                          3.8094
  ------------------------------------------------------------------------------------------
  data required time                                          3.8094
  data arrival time                                         -42.2494
  ------------------------------------------------------------------------------------------
  slack (VIOLATED)                                          -38.4401


1
